Archive member included because of file (symbol)

/home/blue/eclipse/gcc-arm-none-eabi-4_8-2014q3/bin/../lib/gcc/arm-none-eabi/4.8.4/../../../../arm-none-eabi/lib/armv7e-m/libg_s.a(lib_a-errno.o)
                              ./system/src/newlib/_sbrk.o (__errno)
/home/blue/eclipse/gcc-arm-none-eabi-4_8-2014q3/bin/../lib/gcc/arm-none-eabi/4.8.4/../../../../arm-none-eabi/lib/armv7e-m/libg_s.a(lib_a-impure.o)
                              /home/blue/eclipse/gcc-arm-none-eabi-4_8-2014q3/bin/../lib/gcc/arm-none-eabi/4.8.4/../../../../arm-none-eabi/lib/armv7e-m/libg_s.a(lib_a-errno.o) (_impure_ptr)

Allocating common symbols
Common symbol       size              file

errno               0x4               ./system/src/newlib/_syscalls.o
pFlash              0x1c              ./system/src/stm32f4-hal/stm32f4xx_hal_flash.o

Discarded input sections

 .group         0x00000000        0x8 ./system/src/stm32f4-hal/stm32f4xx_hal.o
 .group         0x00000000        0x8 ./system/src/stm32f4-hal/stm32f4xx_hal.o
 .group         0x00000000        0x8 ./system/src/stm32f4-hal/stm32f4xx_hal.o
 .group         0x00000000        0x8 ./system/src/stm32f4-hal/stm32f4xx_hal.o
 .group         0x00000000        0x8 ./system/src/stm32f4-hal/stm32f4xx_hal.o
 .group         0x00000000        0x8 ./system/src/stm32f4-hal/stm32f4xx_hal.o
 .group         0x00000000        0x8 ./system/src/stm32f4-hal/stm32f4xx_hal.o
 .group         0x00000000        0x8 ./system/src/stm32f4-hal/stm32f4xx_hal.o
 .group         0x00000000        0x8 ./system/src/stm32f4-hal/stm32f4xx_hal.o
 .group         0x00000000        0x8 ./system/src/stm32f4-hal/stm32f4xx_hal.o
 .group         0x00000000        0x8 ./system/src/stm32f4-hal/stm32f4xx_hal.o
 .group         0x00000000        0x8 ./system/src/stm32f4-hal/stm32f4xx_hal.o
 .group         0x00000000        0x8 ./system/src/stm32f4-hal/stm32f4xx_hal.o
 .group         0x00000000        0x8 ./system/src/stm32f4-hal/stm32f4xx_hal.o
 .group         0x00000000        0x8 ./system/src/stm32f4-hal/stm32f4xx_hal.o
 .group         0x00000000        0x8 ./system/src/stm32f4-hal/stm32f4xx_hal.o
 .group         0x00000000        0x8 ./system/src/stm32f4-hal/stm32f4xx_hal.o
 .group         0x00000000        0x8 ./system/src/stm32f4-hal/stm32f4xx_hal.o
 .group         0x00000000        0x8 ./system/src/stm32f4-hal/stm32f4xx_hal.o
 .group         0x00000000        0x8 ./system/src/stm32f4-hal/stm32f4xx_hal.o
 .group         0x00000000        0x8 ./system/src/stm32f4-hal/stm32f4xx_hal.o
 .group         0x00000000        0x8 ./system/src/stm32f4-hal/stm32f4xx_hal.o
 .group         0x00000000        0x8 ./system/src/stm32f4-hal/stm32f4xx_hal.o
 .group         0x00000000        0x8 ./system/src/stm32f4-hal/stm32f4xx_hal.o
 .group         0x00000000        0x8 ./system/src/stm32f4-hal/stm32f4xx_hal.o
 .group         0x00000000        0x8 ./system/src/stm32f4-hal/stm32f4xx_hal.o
 .group         0x00000000        0x8 ./system/src/stm32f4-hal/stm32f4xx_hal.o
 .group         0x00000000        0x8 ./system/src/stm32f4-hal/stm32f4xx_hal.o
 .group         0x00000000        0x8 ./system/src/stm32f4-hal/stm32f4xx_hal.o
 .group         0x00000000        0x8 ./system/src/stm32f4-hal/stm32f4xx_hal.o
 .group         0x00000000        0x8 ./system/src/stm32f4-hal/stm32f4xx_hal.o
 .group         0x00000000        0x8 ./system/src/stm32f4-hal/stm32f4xx_hal.o
 .group         0x00000000        0x8 ./system/src/stm32f4-hal/stm32f4xx_hal.o
 .group         0x00000000        0x8 ./system/src/stm32f4-hal/stm32f4xx_hal.o
 .group         0x00000000        0x8 ./system/src/stm32f4-hal/stm32f4xx_hal.o
 .group         0x00000000        0x8 ./system/src/stm32f4-hal/stm32f4xx_hal.o
 .group         0x00000000        0x8 ./system/src/stm32f4-hal/stm32f4xx_hal.o
 .group         0x00000000        0x8 ./system/src/stm32f4-hal/stm32f4xx_hal.o
 .group         0x00000000        0x8 ./system/src/stm32f4-hal/stm32f4xx_hal.o
 .group         0x00000000        0x8 ./system/src/stm32f4-hal/stm32f4xx_hal.o
 .group         0x00000000        0x8 ./system/src/stm32f4-hal/stm32f4xx_hal.o
 .group         0x00000000        0x8 ./system/src/stm32f4-hal/stm32f4xx_hal.o
 .group         0x00000000        0x8 ./system/src/stm32f4-hal/stm32f4xx_hal.o
 .group         0x00000000        0x8 ./system/src/stm32f4-hal/stm32f4xx_hal.o
 .group         0x00000000        0x8 ./system/src/stm32f4-hal/stm32f4xx_hal.o
 .group         0x00000000        0x8 ./system/src/stm32f4-hal/stm32f4xx_hal.o
 .text          0x00000000        0x0 ./system/src/stm32f4-hal/stm32f4xx_hal.o
 .data          0x00000000        0x0 ./system/src/stm32f4-hal/stm32f4xx_hal.o
 .bss           0x00000000        0x0 ./system/src/stm32f4-hal/stm32f4xx_hal.o
 .text.HAL_MspDeInit
                0x00000000        0x4 ./system/src/stm32f4-hal/stm32f4xx_hal.o
 .text.HAL_DeInit
                0x00000000       0x2c ./system/src/stm32f4-hal/stm32f4xx_hal.o
 .text.HAL_SuspendTick
[...]
Memory Configuration

Name             Origin             Length             Attributes
RAM              0x20000000         0x00020000         xrw
CCMRAM           0x10000000         0x00010000         xrw
FLASH            0x08000000         0x00100000         xr
FLASHB1          0x00000000         0x00000000         xr
EXTMEMB0         0x00000000         0x00000000         xr
EXTMEMB1         0x00000000         0x00000000         xr
EXTMEMB2         0x00000000         0x00000000         xr
EXTMEMB3         0x00000000         0x00000000         xr
MEMORY_ARRAY     0x20002000         0x00000020         xrw
*default*        0x00000000         0xffffffff

Linker script and memory map

LOAD ./system/src/stm32f4-hal/stm32f4xx_hal.o
LOAD ./system/src/stm32f4-hal/stm32f4xx_hal_cortex.o
LOAD ./system/src/stm32f4-hal/stm32f4xx_hal_flash.o
LOAD ./system/src/stm32f4-hal/stm32f4xx_hal_flash_ex.o
LOAD ./system/src/stm32f4-hal/stm32f4xx_hal_flash_ramfunc.o
LOAD ./system/src/stm32f4-hal/stm32f4xx_hal_gpio.o
LOAD ./system/src/stm32f4-hal/stm32f4xx_hal_iwdg.o
LOAD ./system/src/stm32f4-hal/stm32f4xx_hal_pcd_ex.o
LOAD ./system/src/stm32f4-hal/stm32f4xx_hal_pwr.o
LOAD ./system/src/stm32f4-hal/stm32f4xx_hal_pwr_ex.o
LOAD ./system/src/stm32f4-hal/stm32f4xx_hal_rcc.o
LOAD ./system/src/stm32f4-hal/stm32f4xx_hal_rcc_ex.o
LOAD ./system/src/newlib/_cxx.o
LOAD ./system/src/newlib/_exit.o
LOAD ./system/src/newlib/_sbrk.o
LOAD ./system/src/newlib/_startup.o
LOAD ./system/src/newlib/_syscalls.o
LOAD ./system/src/newlib/_write.o
LOAD ./system/src/newlib/assert.o
LOAD ./system/src/diag/Trace.o
LOAD ./system/src/diag/trace_impl.o
LOAD ./system/src/cortexm/_initialize_hardware.o
LOAD ./system/src/cortexm/_reset_hardware.o
LOAD ./system/src/cortexm/exception_handlers.o
LOAD ./system/src/cmsis/system_stm32f4xx.o
LOAD ./system/src/cmsis/vectors_stm32f4xx.o
LOAD ./src/ST7783.o
LOAD ./src/_initialize_hardware.o
LOAD ./src/main.o
LOAD /home/blue/eclipse/gcc-arm-none-eabi-4_8-2014q3/bin/../lib/gcc/arm-none-eabi/4.8.4/../../../../arm-none-eabi/lib/armv7e-m/libstdc++_s.a
LOAD /home/blue/eclipse/gcc-arm-none-eabi-4_8-2014q3/bin/../lib/gcc/arm-none-eabi/4.8.4/../../../../arm-none-eabi/lib/armv7e-m/libm.a
START GROUP
LOAD /home/blue/eclipse/gcc-arm-none-eabi-4_8-2014q3/bin/../lib/gcc/arm-none-eabi/4.8.4/armv7e-m/libgcc.a
LOAD /home/blue/eclipse/gcc-arm-none-eabi-4_8-2014q3/bin/../lib/gcc/arm-none-eabi/4.8.4/../../../../arm-none-eabi/lib/armv7e-m/libg_s.a
LOAD /home/blue/eclipse/gcc-arm-none-eabi-4_8-2014q3/bin/../lib/gcc/arm-none-eabi/4.8.4/../../../../arm-none-eabi/lib/armv7e-m/libc_s.a
END GROUP
START GROUP
LOAD /home/blue/eclipse/gcc-arm-none-eabi-4_8-2014q3/bin/../lib/gcc/arm-none-eabi/4.8.4/armv7e-m/libgcc.a
LOAD /home/blue/eclipse/gcc-arm-none-eabi-4_8-2014q3/bin/../lib/gcc/arm-none-eabi/4.8.4/../../../../arm-none-eabi/lib/armv7e-m/libc_s.a
END GROUP
                0x20020000                __stack = (ORIGIN (RAM) + 0x20000)
                0x20020000                _estack = __stack
                0x00000400                __Main_Stack_Size = 0x400
                0x00000400                PROVIDE (_Main_Stack_Size, __Main_Stack_Size)
                0x2001fc00                __Main_Stack_Limit = (__stack - __Main_Stack_Size)
                0x2001fc00                PROVIDE (_Main_Stack_Limit, __Main_Stack_Limit)
                0x00000100                _Minimum_Stack_Size = 0x100
                0x20000014                PROVIDE (_Heap_Begin, _end_noinit)
                0x2001fc00                PROVIDE (_Heap_Limit, (__stack - __Main_Stack_Size))

.isr_vector     0x08000000      0x2d8
                0x08000000                . = ALIGN (0x4)
 *(.isr_vector)
 .isr_vector    0x08000000      0x1e4 ./system/src/cmsis/vectors_stm32f4xx.o
                0x08000000                __isr_vectors
 *(.cfmconfig)
 *(.after_vectors .after_vectors.*)
 .after_vectors
                0x080001e4       0xc0 ./system/src/newlib/_startup.o
                0x080001e4                _start
 .after_vectors
                0x080002a4       0x30 ./system/src/cortexm/exception_handlers.o
                0x080002a4                Reset_Handler
                0x080002ac                NMI_Handler
                0x080002b0                HardFault_Handler
                0x080002b4                MemManage_Handler
                0x080002b8                BusFault_Handler
                0x080002bc                UsageFault_Handler
                0x080002c0                SVC_Handler
                0x080002c4                DebugMon_Handler
                0x080002c8                PendSV_Handler
 .after_vectors
                0x080002d4        0x4 ./system/src/cmsis/vectors_stm32f4xx.o
                0x080002d4                RTC_Alarm_IRQHandler
                0x080002d4                HASH_RNG_IRQHandler
                0x080002d4                EXTI2_IRQHandler
                0x080002d4                TIM8_CC_IRQHandler
                0x080002d4                SPI4_IRQHandler
                0x080002d4                TIM1_CC_IRQHandler
                0x080002d4                DMA2_Stream5_IRQHandler
                0x080002d4                DMA1_Stream5_IRQHandler
                0x080002d4                PVD_IRQHandler
                0x080002d4                SDIO_IRQHandler
                0x080002d4                TAMP_STAMP_IRQHandler
                0x080002d4                CAN2_RX1_IRQHandler
                0x080002d4                EXTI3_IRQHandler
                0x080002d4                TIM8_TRG_COM_TIM14_IRQHandler
                0x080002d4                TIM1_UP_TIM10_IRQHandler
                0x080002d4                TIM8_UP_TIM13_IRQHandler
                0x080002d4                I2C3_ER_IRQHandler
                0x080002d4                EXTI0_IRQHandler
                0x080002d4                I2C2_EV_IRQHandler
                0x080002d4                DMA1_Stream2_IRQHandler
                0x080002d4                CAN1_RX0_IRQHandler
                0x080002d4                FPU_IRQHandler
                0x080002d4                OTG_HS_WKUP_IRQHandler
                0x080002d4                CAN2_SCE_IRQHandler
                0x080002d4                DMA2_Stream2_IRQHandler
                0x080002d4                SPI1_IRQHandler
                0x080002d4                TIM6_DAC_IRQHandler
                0x080002d4                TIM1_BRK_TIM9_IRQHandler
                0x080002d4                DCMI_IRQHandler
                0x080002d4                CAN2_RX0_IRQHandler
                0x080002d4                DMA2_Stream3_IRQHandler
                0x080002d4                USART6_IRQHandler
                0x080002d4                USART3_IRQHandler
                0x080002d4                CRYP_IRQHandler
                0x080002d4                CAN1_RX1_IRQHandler
                0x080002d4                UART5_IRQHandler
                0x080002d4                DMA2_Stream0_IRQHandler
                0x080002d4                TIM4_IRQHandler
                0x080002d4                I2C1_EV_IRQHandler
                0x080002d4                DMA1_Stream6_IRQHandler
                0x080002d4                DMA1_Stream1_IRQHandler
                0x080002d4                UART4_IRQHandler
                0x080002d4                TIM3_IRQHandler
                0x080002d4                RCC_IRQHandler
                0x080002d4                TIM8_BRK_TIM12_IRQHandler
                0x080002d4                Default_Handler
                0x080002d4                EXTI15_10_IRQHandler
                0x080002d4                ADC_IRQHandler
                0x080002d4                DMA1_Stream7_IRQHandler
                0x080002d4                SPI5_IRQHandler
                0x080002d4                TIM7_IRQHandler
                0x080002d4                CAN2_TX_IRQHandler
                0x080002d4                TIM5_IRQHandler
                0x080002d4                DMA2_Stream7_IRQHandler
                0x080002d4                I2C3_EV_IRQHandler
                0x080002d4                EXTI9_5_IRQHandler
                0x080002d4                RTC_WKUP_IRQHandler
                0x080002d4                ETH_WKUP_IRQHandler
                0x080002d4                SPI2_IRQHandler
                0x080002d4                OTG_HS_EP1_IN_IRQHandler
                0x080002d4                DMA1_Stream0_IRQHandler
                0x080002d4                CAN1_TX_IRQHandler
                0x080002d4                EXTI4_IRQHandler
                0x080002d4                FSMC_IRQHandler
                0x080002d4                ETH_IRQHandler
                0x080002d4                OTG_HS_EP1_OUT_IRQHandler
                0x080002d4                WWDG_IRQHandler
                0x080002d4                TIM2_IRQHandler
                0x080002d4                OTG_FS_WKUP_IRQHandler
                0x080002d4                TIM1_TRG_COM_TIM11_IRQHandler
                0x080002d4                OTG_HS_IRQHandler
                0x080002d4                EXTI1_IRQHandler
                0x080002d4                USART2_IRQHandler
                0x080002d4                I2C2_ER_IRQHandler
                0x080002d4                DMA2_Stream1_IRQHandler
                0x080002d4                CAN1_SCE_IRQHandler
                0x080002d4                FLASH_IRQHandler
                0x080002d4                DMA2_Stream4_IRQHandler
                0x080002d4                USART1_IRQHandler
                0x080002d4                OTG_FS_IRQHandler
                0x080002d4                SPI3_IRQHandler
                0x080002d4                DMA1_Stream4_IRQHandler
                0x080002d4                I2C1_ER_IRQHandler
                0x080002d4                DMA2_Stream6_IRQHandler
                0x080002d4                DMA1_Stream3_IRQHandler
                0x080002d8                . = ALIGN (0x4)

.inits          0x080002d8        0x0
                0x080002d8                . = ALIGN (0x4)
 *(.init)
 *(.fini)
                0x080002d8                . = ALIGN (0x4)
                0x080002d8                PROVIDE (__preinit_array_start, .)
 *(.preinit_array_sysinit .preinit_array_sysinit.*)
 *(.preinit_array_platform .preinit_array_platform.*)
 *(.preinit_array .preinit_array.*)
                0x080002d8                PROVIDE (__preinit_array_end, .)
                0x080002d8                . = ALIGN (0x4)
                0x080002d8                PROVIDE (__init_array_start, .)
 *(SORT(.init_array.*))
 *(.init_array)
                0x080002d8                PROVIDE (__init_array_end, .)
                0x080002d8                . = ALIGN (0x4)
                0x080002d8                PROVIDE (__fini_array_start, .)
 *(SORT(.fini_array.*))
 *(.fini_array)
                0x080002d8                PROVIDE (__fini_array_end, .)
                0x080002d8                . = ALIGN (0x4)

.flashtext      0x080002d8        0x0
                0x080002d8                . = ALIGN (0x4)
 *(.flashtext .flashtext.*)
                0x080002d8                . = ALIGN (0x4)

.text           0x080002d8     0x162c
                0x080002d8                . = ALIGN (0x4)
 *(.text .text.*)
 .text.HAL_MspInit
                0x080002d8        0x4 ./system/src/stm32f4-hal/stm32f4xx_hal.o
                0x080002d8                HAL_MspInit
 .text.HAL_InitTick
                0x080002dc       0x28 ./system/src/stm32f4-hal/stm32f4xx_hal.o
                0x080002dc                HAL_InitTick
 .text.HAL_Init
                0x08000304       0x34 ./system/src/stm32f4-hal/stm32f4xx_hal.o
                0x08000304                HAL_Init
 .text.HAL_IncTick
                0x08000338       0x10 ./system/src/stm32f4-hal/stm32f4xx_hal.o
                0x08000338                HAL_IncTick
 .text.HAL_GetTick
                0x08000348        0xc ./system/src/stm32f4-hal/stm32f4xx_hal.o
                0x08000348                HAL_GetTick
 .text.HAL_Delay
                0x08000354       0x1c ./system/src/stm32f4-hal/stm32f4xx_hal.o
                0x08000354                HAL_Delay
 .text.HAL_NVIC_SetPriorityGrouping
                0x08000370       0x3c ./system/src/stm32f4-hal/stm32f4xx_hal_cortex.o
                0x08000370                HAL_NVIC_SetPriorityGrouping
 .text.HAL_NVIC_SetPriority
                0x080003ac       0x84 ./system/src/stm32f4-hal/stm32f4xx_hal_cortex.o
                0x080003ac                HAL_NVIC_SetPriority
 .text.HAL_SYSTICK_Config
                0x08000430       0x2c ./system/src/stm32f4-hal/stm32f4xx_hal_cortex.o
                0x08000430                HAL_SYSTICK_Config
 .text.HAL_GPIO_Init
                0x0800045c      0x2c0 ./system/src/stm32f4-hal/stm32f4xx_hal_gpio.o
                0x0800045c                HAL_GPIO_Init
 .text.HAL_GPIO_WritePin
                0x0800071c       0x30 ./system/src/stm32f4-hal/stm32f4xx_hal_gpio.o
                0x0800071c                HAL_GPIO_WritePin
 .text.HAL_RCC_OscConfig
                0x0800074c      0x4b0 ./system/src/stm32f4-hal/stm32f4xx_hal_rcc.o
                0x0800074c                HAL_RCC_OscConfig
 .text.HAL_RCC_ClockConfig
                0x08000bfc      0x350 ./system/src/stm32f4-hal/stm32f4xx_hal_rcc.o
                0x08000bfc                HAL_RCC_ClockConfig
 .text.HAL_RCC_GetSysClockFreq
                0x08000f4c       0xb0 ./system/src/stm32f4-hal/stm32f4xx_hal_rcc.o
                0x08000f4c                HAL_RCC_GetSysClockFreq
 .text.HAL_RCC_GetHCLKFreq
                0x08000ffc       0x38 ./system/src/stm32f4-hal/stm32f4xx_hal_rcc.o
                0x08000ffc                HAL_RCC_GetHCLKFreq
 .text._exit    0x08001034        0x4 ./system/src/newlib/_exit.o
                0x08001034                _exit
 .text.abort    0x08001038        0x8 ./system/src/newlib/_exit.o
                0x08001038                abort
 .text.__initialize_args
                0x08001040       0x10 ./system/src/newlib/_syscalls.o
                0x08001040                __initialize_args
 .text.assert_failed
                0x08001050        0x8 ./system/src/newlib/assert.o
                0x08001050                assert_failed
 .text.__initialize_hardware_early
                0x08001058        0x8 ./system/src/cortexm/_initialize_hardware.o
                0x08001058                __initialize_hardware_early
 .text.SystemInit
                0x08001060       0x40 ./system/src/cmsis/system_stm32f4xx.o
                0x08001060                SystemInit
 .text.delay    0x080010a0        0xc ./src/ST7783.o
                0x080010a0                delay
 .text.LCD_Write8
                0x080010ac       0x94 ./src/ST7783.o
                0x080010ac                LCD_Write8
 .text.LCD_Reset
                0x08001140       0x68 ./src/ST7783.o
                0x08001140                LCD_Reset
 .text.LCD_WriteRegister16
                0x080011a8       0x30 ./src/ST7783.o
                0x080011a8                LCD_WriteRegister16
 .text.LCD_SetAddrWindow
                0x080011d8       0x54 ./src/ST7783.o
                0x080011d8                LCD_SetAddrWindow
 .text.LCD_Begin
                0x0800122c       0x50 ./src/ST7783.o
                0x0800122c                LCD_Begin
 .text.LCD_Flood
                0x0800127c      0x1a0 ./src/ST7783.o
                0x0800127c                LCD_Flood
 .text.LCD_FillScreen
                0x0800141c       0x2c ./src/ST7783.o
                0x0800141c                LCD_FillScreen
 .text.LCD_DrawPixel
                0x08001448       0x40 ./src/ST7783.o
                0x08001448                LCD_DrawPixel
 .text.LCD_DrawFastHLine
                0x08001488       0x60 ./src/ST7783.o
                0x08001488                LCD_DrawFastHLine
 .text.LCD_DrawCircle
                0x080014e8      0x148 ./src/ST7783.o
                0x080014e8                LCD_DrawCircle
 .text.configure_system_clock
                0x08001630       0x68 ./src/_initialize_hardware.o
                0x08001630                configure_system_clock
 .text.__initialize_hardware
                0x08001698       0x10 ./src/_initialize_hardware.o
                0x08001698                __initialize_hardware
 .text.SysTick_Handler
                0x080016a8        0x8 ./src/main.o
                0x080016a8                SysTick_Handler
 .text.main     0x080016b0       0xa8 ./src/main.o
                0x080016b0                main
 *(.rodata .rodata.*)
 .rodata.str1.4
                0x08001758       0x31 ./system/src/stm32f4-hal/stm32f4xx_hal_cortex.o
                                 0x34 (size before relaxing)
 *fill*         0x08001789        0x3 
 .rodata.str1.4
                0x0800178c       0x2f ./system/src/stm32f4-hal/stm32f4xx_hal_gpio.o
                                 0x30 (size before relaxing)
 *fill*         0x080017bb        0x1 
 .rodata.APBAHBPrescTable
                0x080017bc       0x10 ./system/src/stm32f4-hal/stm32f4xx_hal_rcc.o
                0x080017bc                APBAHBPrescTable
 .rodata.str1.4
                0x080017cc       0x30 ./system/src/stm32f4-hal/stm32f4xx_hal_rcc.o
 .rodata.ST7781_regValues
                0x080017fc      0x108 ./src/ST7783.o
 *(vtable)
 *(.eh_frame*)
 *(.glue_7)
 .glue_7        0x00000000        0x0 linker stubs
 *(.glue_7t)
 .glue_7t       0x00000000        0x0 linker stubs

.vfp11_veneer   0x08001904        0x0
 .vfp11_veneer  0x00000000        0x0 linker stubs

.v4_bx          0x08001904        0x0
 .v4_bx         0x00000000        0x0 linker stubs

.iplt           0x08001904        0x0
 .iplt          0x00000000        0x0 ./system/src/stm32f4-hal/stm32f4xx_hal.o

.rel.dyn        0x08001904        0x0
 .rel.iplt      0x00000000        0x0 ./system/src/stm32f4-hal/stm32f4xx_hal.o

.ARM.extab
 *(.ARM.extab* .gnu.linkonce.armextab.*)
                0x08001904                __exidx_start = .

.ARM.exidx
 *(.ARM.exidx* .gnu.linkonce.armexidx.*)
                0x08001904                __exidx_end = .
                0x08001904                . = ALIGN (0x4)
                0x08001904                _etext = .
                0x08001904                __etext = .
                0x08001904                _sidata = _etext

.data           0x20000000        0xc load address 0x08001904
                0x20000000                . = ALIGN (0x4)
                0x20000000                _sdata = .
                0x20000000                __data_start__ = .
 *(.data_begin .data_begin.*)
 *(.data .data.*)
 .data.argv.4014
                0x20000000        0x8 ./system/src/newlib/_syscalls.o
 .data.SystemCoreClock
                0x20000008        0x4 ./system/src/cmsis/system_stm32f4xx.o
                0x20000008                SystemCoreClock
 *(.data_end .data_end.*)
                0x2000000c                . = ALIGN (0x4)
                0x2000000c                _edata = .
                0x2000000c                __data_end__ = .

.igot.plt       0x2000000c        0x0 load address 0x08001910
 .igot.plt      0x00000000        0x0 ./system/src/stm32f4-hal/stm32f4xx_hal.o

.bss            0x2000000c        0x8 load address 0x08001910
                0x2000000c                . = ALIGN (0x4)
                0x2000000c                __bss_start__ = .
                0x2000000c                _sbss = .
 *(.bss_begin .bss_begin.*)
 *(.bss .bss.*)
 .bss.uwTick    0x2000000c        0x4 ./system/src/stm32f4-hal/stm32f4xx_hal.o
 .bss.name.4013
                0x20000010        0x4 ./system/src/newlib/_syscalls.o
 *(COMMON)
 *(.bss_end .bss_end.*)
                0x20000014                . = ALIGN (0x4)
                0x20000014                __bss_end__ = .
                0x20000014                _ebss = .

.noinit         0x20000014        0x0
                0x20000014                . = ALIGN (0x4)
                0x20000014                _noinit = .
 *(.noinit .noinit.*)
                0x20000014                . = ALIGN (0x4)
                0x20000014                _end_noinit = .
                0x20000014                PROVIDE (end, _end_noinit)
                0x20000014                PROVIDE (_end, _end_noinit)
                0x20000014                PROVIDE (__end, _end_noinit)
                0x20000014                PROVIDE (__end__, _end_noinit)

._check_stack   0x20000014      0x100 load address 0x08001918
                0x20000014                . = ALIGN (0x4)
                0x20000114                . = (. + _Minimum_Stack_Size)
 *fill*         0x20000014      0x100 
                0x20000114                . = ALIGN (0x4)

.bss_CCMRAM
 *(.bss.CCMRAM .bss.CCMRAM.*)

.b1text
 *(.b1text)
 *(.b1rodata)
 *(.b1rodata.*)

.eb0text
 *(.eb0text)
 *(.eb0rodata)
 *(.eb0rodata.*)

.eb1text
 *(.eb1text)
 *(.eb1rodata)
 *(.eb1rodata.*)

.eb2text
 *(.eb2text)
 *(.eb2rodata)
 *(.eb2rodata.*)

.eb3text
 *(.eb3text)
 *(.eb3rodata)
 *(.eb3rodata.*)

.stab
 *(.stab)

.stabstr
 *(.stabstr)

.stab.excl
 *(.stab.excl)

.stab.exclstr
 *(.stab.exclstr)

.stab.index
 *(.stab.index)

.stab.indexstr
 *(.stab.indexstr)

.comment        0x00000000       0x70
 *(.comment)
 .comment       0x00000000       0x70 ./system/src/stm32f4-hal/stm32f4xx_hal.o
                                 0x71 (size before relaxing)
 .comment       0x00000000       0x71 ./system/src/stm32f4-hal/stm32f4xx_hal_cortex.o
 .comment       0x00000000       0x71 ./system/src/stm32f4-hal/stm32f4xx_hal_gpio.o
 .comment       0x00000000       0x71 ./system/src/stm32f4-hal/stm32f4xx_hal_rcc.o
 .comment       0x00000000       0x71 ./system/src/newlib/_exit.o
 .comment       0x00000000       0x71 ./system/src/newlib/_startup.o
 .comment       0x00000000       0x71 ./system/src/newlib/_syscalls.o
 .comment       0x00000000       0x71 ./system/src/newlib/assert.o
 .comment       0x00000000       0x71 ./system/src/cortexm/_initialize_hardware.o
 .comment       0x00000000       0x71 ./system/src/cortexm/exception_handlers.o
 .comment       0x00000000       0x71 ./system/src/cmsis/system_stm32f4xx.o
 .comment       0x00000000       0x71 ./system/src/cmsis/vectors_stm32f4xx.o
 .comment       0x00000000       0x71 ./src/ST7783.o
 .comment       0x00000000       0x71 ./src/_initialize_hardware.o
 .comment       0x00000000       0x71 ./src/main.o

.ARM.attributes
                0x00000000       0x33
 .ARM.attributes
                0x00000000       0x33 ./system/src/stm32f4-hal/stm32f4xx_hal.o
 .ARM.attributes
                0x00000033       0x33 ./system/src/stm32f4-hal/stm32f4xx_hal_cortex.o
 .ARM.attributes
                0x00000066       0x33 ./system/src/stm32f4-hal/stm32f4xx_hal_gpio.o
 .ARM.attributes
                0x00000099       0x33 ./system/src/stm32f4-hal/stm32f4xx_hal_rcc.o
 .ARM.attributes
                0x000000cc       0x33 ./system/src/newlib/_exit.o
 .ARM.attributes
                0x000000ff       0x33 ./system/src/newlib/_startup.o
 .ARM.attributes
                0x00000132       0x33 ./system/src/newlib/_syscalls.o
 .ARM.attributes
                0x00000165       0x33 ./system/src/newlib/assert.o
 .ARM.attributes
                0x00000198       0x33 ./system/src/cortexm/_initialize_hardware.o
 .ARM.attributes
                0x000001cb       0x33 ./system/src/cortexm/exception_handlers.o
 .ARM.attributes
                0x000001fe       0x33 ./system/src/cmsis/system_stm32f4xx.o
 .ARM.attributes
                0x00000231       0x33 ./system/src/cmsis/vectors_stm32f4xx.o
 .ARM.attributes
                0x00000264       0x33 ./src/ST7783.o
 .ARM.attributes
                0x00000297       0x33 ./src/_initialize_hardware.o
 .ARM.attributes
                0x000002ca       0x33 ./src/main.o

.debug
 *(.debug)

.line
 *(.line)

.debug_srcinfo
 *(.debug_srcinfo)

.debug_sfnames
 *(.debug_sfnames)

.debug_aranges  0x00000000      0x490
 *(.debug_aranges)
 .debug_aranges
                0x00000000       0xc0 ./system/src/stm32f4-hal/stm32f4xx_hal.o
 .debug_aranges
                0x000000c0       0x90 ./system/src/stm32f4-hal/stm32f4xx_hal_cortex.o
 .debug_aranges
                0x00000150       0x58 ./system/src/stm32f4-hal/stm32f4xx_hal_gpio.o
 .debug_aranges
                0x000001a8       0x88 ./system/src/stm32f4-hal/stm32f4xx_hal_rcc.o
 .debug_aranges
                0x00000230       0x28 ./system/src/newlib/_exit.o
 .debug_aranges
                0x00000258       0x40 ./system/src/newlib/_startup.o
 .debug_aranges
                0x00000298       0x30 ./system/src/newlib/_syscalls.o
 .debug_aranges
                0x000002c8       0x28 ./system/src/newlib/assert.o
 .debug_aranges
                0x000002f0       0x28 ./system/src/cortexm/_initialize_hardware.o
 .debug_aranges
                0x00000318       0x68 ./system/src/cortexm/exception_handlers.o
 .debug_aranges
                0x00000380       0x28 ./system/src/cmsis/system_stm32f4xx.o
 .debug_aranges
                0x000003a8       0x20 ./system/src/cmsis/vectors_stm32f4xx.o
 .debug_aranges
                0x000003c8       0x78 ./src/ST7783.o
 .debug_aranges
                0x00000440       0x28 ./src/_initialize_hardware.o
 .debug_aranges
                0x00000468       0x28 ./src/main.o

.debug_pubnames
 *(.debug_pubnames)

.debug_info     0x00000000     0x5591
 *(.debug_info .gnu.linkonce.wi.*)
 .debug_info    0x00000000      0x7e4 ./system/src/stm32f4-hal/stm32f4xx_hal.o
 .debug_info    0x000007e4      0xcda ./system/src/stm32f4-hal/stm32f4xx_hal_cortex.o
 .debug_info    0x000014be      0x807 ./system/src/stm32f4-hal/stm32f4xx_hal_gpio.o
 .debug_info    0x00001cc5     0x1317 ./system/src/stm32f4-hal/stm32f4xx_hal_rcc.o
 .debug_info    0x00002fdc       0xee ./system/src/newlib/_exit.o
 .debug_info    0x000030ca      0x423 ./system/src/newlib/_startup.o
 .debug_info    0x000034ed      0x1a9 ./system/src/newlib/_syscalls.o
 .debug_info    0x00003696      0x168 ./system/src/newlib/assert.o
 .debug_info    0x000037fe       0xdf ./system/src/cortexm/_initialize_hardware.o
 .debug_info    0x000038dd      0x11c ./system/src/cortexm/exception_handlers.o
 .debug_info    0x000039f9      0x486 ./system/src/cmsis/system_stm32f4xx.o
 .debug_info    0x00003e7f       0x92 ./system/src/cmsis/vectors_stm32f4xx.o
 .debug_info    0x00003f11      0xc17 ./src/ST7783.o
 .debug_info    0x00004b28      0x4a6 ./src/_initialize_hardware.o
 .debug_info    0x00004fce      0x5c3 ./src/main.o

.debug_abbrev   0x00000000     0x15b0
 *(.debug_abbrev)
 .debug_abbrev  0x00000000      0x222 ./system/src/stm32f4-hal/stm32f4xx_hal.o
 .debug_abbrev  0x00000222      0x2c5 ./system/src/stm32f4-hal/stm32f4xx_hal_cortex.o
 .debug_abbrev  0x000004e7      0x1fe ./system/src/stm32f4-hal/stm32f4xx_hal_gpio.o
 .debug_abbrev  0x000006e5      0x2fb ./system/src/stm32f4-hal/stm32f4xx_hal_rcc.o
 .debug_abbrev  0x000009e0       0xb7 ./system/src/newlib/_exit.o
 .debug_abbrev  0x00000a97      0x1bf ./system/src/newlib/_startup.o
 .debug_abbrev  0x00000c56       0xe7 ./system/src/newlib/_syscalls.o
 .debug_abbrev  0x00000d3d       0xb6 ./system/src/newlib/assert.o
 .debug_abbrev  0x00000df3       0x88 ./system/src/cortexm/_initialize_hardware.o
 .debug_abbrev  0x00000e7b       0x99 ./system/src/cortexm/exception_handlers.o
 .debug_abbrev  0x00000f14      0x104 ./system/src/cmsis/system_stm32f4xx.o
 .debug_abbrev  0x00001018       0x92 ./system/src/cmsis/vectors_stm32f4xx.o
 .debug_abbrev  0x000010aa      0x1e3 ./src/ST7783.o
 .debug_abbrev  0x0000128d      0x17e ./src/_initialize_hardware.o
 .debug_abbrev  0x0000140b      0x1a5 ./src/main.o

.debug_line     0x00000000     0x55fd
 *(.debug_line)
 .debug_line    0x00000000      0x818 ./system/src/stm32f4-hal/stm32f4xx_hal.o
 .debug_line    0x00000818      0x850 ./system/src/stm32f4-hal/stm32f4xx_hal_cortex.o
 .debug_line    0x00001068      0x829 ./system/src/stm32f4-hal/stm32f4xx_hal_gpio.o
 .debug_line    0x00001891      0xbb1 ./system/src/stm32f4-hal/stm32f4xx_hal_rcc.o
 .debug_line    0x00002442      0x28d ./system/src/newlib/_exit.o
 .debug_line    0x000026cf      0x2ea ./system/src/newlib/_startup.o
 .debug_line    0x000029b9      0x33a ./system/src/newlib/_syscalls.o
 .debug_line    0x00002cf3      0x2b6 ./system/src/newlib/assert.o
 .debug_line    0x00002fa9      0x6ce ./system/src/cortexm/_initialize_hardware.o
 .debug_line    0x00003677       0xa1 ./system/src/cortexm/exception_handlers.o
 .debug_line    0x00003718      0x6cf ./system/src/cmsis/system_stm32f4xx.o
 .debug_line    0x00003de7       0x89 ./system/src/cmsis/vectors_stm32f4xx.o
 .debug_line    0x00003e70      0x85c ./src/ST7783.o
 .debug_line    0x000046cc      0x6c5 ./src/_initialize_hardware.o
 .debug_line    0x00004d91      0x86c ./src/main.o

.debug_frame    0x00000000      0x988
 *(.debug_frame)
 .debug_frame   0x00000000      0x184 ./system/src/stm32f4-hal/stm32f4xx_hal.o
 .debug_frame   0x00000184      0x134 ./system/src/stm32f4-hal/stm32f4xx_hal_cortex.o
 .debug_frame   0x000002b8       0xf4 ./system/src/stm32f4-hal/stm32f4xx_hal_gpio.o
 .debug_frame   0x000003ac      0x140 ./system/src/stm32f4-hal/stm32f4xx_hal_rcc.o
 .debug_frame   0x000004ec       0x38 ./system/src/newlib/_exit.o
 .debug_frame   0x00000524       0x80 ./system/src/newlib/_startup.o
 .debug_frame   0x000005a4       0x50 ./system/src/newlib/_syscalls.o
 .debug_frame   0x000005f4       0x40 ./system/src/newlib/assert.o
 .debug_frame   0x00000634       0x40 ./system/src/cortexm/_initialize_hardware.o
 .debug_frame   0x00000674       0xc0 ./system/src/cortexm/exception_handlers.o
 .debug_frame   0x00000734       0x30 ./system/src/cmsis/system_stm32f4xx.o
 .debug_frame   0x00000764       0x20 ./system/src/cmsis/vectors_stm32f4xx.o
 .debug_frame   0x00000784      0x178 ./src/ST7783.o
 .debug_frame   0x000008fc       0x44 ./src/_initialize_hardware.o
 .debug_frame   0x00000940       0x48 ./src/main.o

.debug_str      0x00000000    0x57888
 *(.debug_str)
 .debug_str     0x00000000    0x520a7 ./system/src/stm32f4-hal/stm32f4xx_hal.o
                              0x5225a (size before relaxing)
 .debug_str     0x000520a7      0x2a3 ./system/src/stm32f4-hal/stm32f4xx_hal_cortex.o
                              0x52026 (size before relaxing)
 .debug_str     0x0005234a      0x5fe ./system/src/stm32f4-hal/stm32f4xx_hal_gpio.o
                              0x51fb4 (size before relaxing)
 .debug_str     0x00052948      0x437 ./system/src/stm32f4-hal/stm32f4xx_hal_rcc.o
                              0x51ec4 (size before relaxing)
 .debug_str     0x00052d7f     0x2995 ./system/src/newlib/_exit.o
                               0x4efd (size before relaxing)
 .debug_str     0x00055714      0x199 ./system/src/newlib/_startup.o
                               0x3fb3 (size before relaxing)
 .debug_str     0x000558ad     0x109c ./system/src/newlib/_syscalls.o
                               0x5122 (size before relaxing)
 .debug_str     0x00056949       0xdc ./system/src/newlib/assert.o
                               0x5a09 (size before relaxing)
 .debug_str     0x00056a25       0x67 ./system/src/cortexm/_initialize_hardware.o
                              0x518d5 (size before relaxing)
 .debug_str     0x00056a8c       0xe8 ./system/src/cortexm/exception_handlers.o
                               0x254b (size before relaxing)
 .debug_str     0x00056b74       0x46 ./system/src/cmsis/system_stm32f4xx.o
                              0x51a33 (size before relaxing)
 .debug_str     0x00056bba       0x57 ./system/src/cmsis/vectors_stm32f4xx.o
                               0x24dc (size before relaxing)
 .debug_str     0x00056c11      0x4ca ./src/ST7783.o
                              0x51d66 (size before relaxing)
 .debug_str     0x000570db       0x35 ./src/_initialize_hardware.o
                              0x51b20 (size before relaxing)
 .debug_str     0x00057110      0x778 ./src/main.o
                              0x53d90 (size before relaxing)

.debug_loc      0x00000000     0x1f29
 *(.debug_loc)
 .debug_loc     0x00000000       0x6a ./system/src/stm32f4-hal/stm32f4xx_hal.o
 .debug_loc     0x0000006a      0x63b ./system/src/stm32f4-hal/stm32f4xx_hal_cortex.o
 .debug_loc     0x000006a5      0x40d ./system/src/stm32f4-hal/stm32f4xx_hal_gpio.o
 .debug_loc     0x00000ab2      0x893 ./system/src/stm32f4-hal/stm32f4xx_hal_rcc.o
 .debug_loc     0x00001345      0x265 ./system/src/newlib/_startup.o
 .debug_loc     0x000015aa       0x63 ./system/src/newlib/_syscalls.o
 .debug_loc     0x0000160d       0xc6 ./system/src/newlib/assert.o
 .debug_loc     0x000016d3      0x125 ./system/src/cmsis/system_stm32f4xx.o
 .debug_loc     0x000017f8      0x6ef ./src/ST7783.o
 .debug_loc     0x00001ee7       0x42 ./src/main.o

.debug_macinfo
 *(.debug_macinfo)

.debug_weaknames
 *(.debug_weaknames)

.debug_funcnames
 *(.debug_funcnames)

.debug_typenames
 *(.debug_typenames)

.debug_varnames
 *(.debug_varnames)
OUTPUT(DisplayTestST7783.elf elf32-littlearm)

.debug_ranges   0x00000000      0x3a0
 .debug_ranges  0x00000000       0xb0 ./system/src/stm32f4-hal/stm32f4xx_hal.o
 .debug_ranges  0x000000b0       0x80 ./system/src/stm32f4-hal/stm32f4xx_hal_cortex.o
 .debug_ranges  0x00000130       0x48 ./system/src/stm32f4-hal/stm32f4xx_hal_gpio.o
 .debug_ranges  0x00000178       0x78 ./system/src/stm32f4-hal/stm32f4xx_hal_rcc.o
 .debug_ranges  0x000001f0       0x18 ./system/src/newlib/_exit.o
 .debug_ranges  0x00000208       0x30 ./system/src/newlib/_startup.o
 .debug_ranges  0x00000238       0x20 ./system/src/newlib/_syscalls.o
 .debug_ranges  0x00000258       0x18 ./system/src/newlib/assert.o
 .debug_ranges  0x00000270       0x18 ./system/src/cortexm/_initialize_hardware.o
 .debug_ranges  0x00000288       0x58 ./system/src/cortexm/exception_handlers.o
 .debug_ranges  0x000002e0       0x18 ./system/src/cmsis/system_stm32f4xx.o
 .debug_ranges  0x000002f8       0x10 ./system/src/cmsis/vectors_stm32f4xx.o
 .debug_ranges  0x00000308       0x68 ./src/ST7783.o
 .debug_ranges  0x00000370       0x18 ./src/_initialize_hardware.o
 .debug_ranges  0x00000388       0x18 ./src/main.o

.debug_macro    0x00000000     0xdd53
 .debug_macro   0x00000000      0x322 ./system/src/stm32f4-hal/stm32f4xx_hal.o
 .debug_macro   0x00000322      0x86e ./system/src/stm32f4-hal/stm32f4xx_hal.o
 .debug_macro   0x00000b90      0x250 ./system/src/stm32f4-hal/stm32f4xx_hal.o
 .debug_macro   0x00000de0       0x28 ./system/src/stm32f4-hal/stm32f4xx_hal.o
 .debug_macro   0x00000e08       0x28 ./system/src/stm32f4-hal/stm32f4xx_hal.o
 .debug_macro   0x00000e30       0x3b ./system/src/stm32f4-hal/stm32f4xx_hal.o
 .debug_macro   0x00000e6b      0x34e ./system/src/stm32f4-hal/stm32f4xx_hal.o
 .debug_macro   0x000011b9       0x2d ./system/src/stm32f4-hal/stm32f4xx_hal.o
 .debug_macro   0x000011e6       0x26 ./system/src/stm32f4-hal/stm32f4xx_hal.o
 .debug_macro   0x0000120c      0xd39 ./system/src/stm32f4-hal/stm32f4xx_hal.o
 .debug_macro   0x00001f45     0x4fff ./system/src/stm32f4-hal/stm32f4xx_hal.o
 .debug_macro   0x00006f44       0x43 ./system/src/stm32f4-hal/stm32f4xx_hal.o
 .debug_macro   0x00006f87       0x57 ./system/src/stm32f4-hal/stm32f4xx_hal.o
 .debug_macro   0x00006fde      0xb9c ./system/src/stm32f4-hal/stm32f4xx_hal.o
 .debug_macro   0x00007b7a       0x73 ./system/src/stm32f4-hal/stm32f4xx_hal.o
 .debug_macro   0x00007bed      0x13f ./system/src/stm32f4-hal/stm32f4xx_hal.o
 .debug_macro   0x00007d2c      0x114 ./system/src/stm32f4-hal/stm32f4xx_hal.o
 .debug_macro   0x00007e40      0x2cd ./system/src/stm32f4-hal/stm32f4xx_hal.o
 .debug_macro   0x0000810d       0x52 ./system/src/stm32f4-hal/stm32f4xx_hal.o
 .debug_macro   0x0000815f      0x3ec ./system/src/stm32f4-hal/stm32f4xx_hal.o
 .debug_macro   0x0000854b      0x14c ./system/src/stm32f4-hal/stm32f4xx_hal.o
 .debug_macro   0x00008697       0x22 ./system/src/stm32f4-hal/stm32f4xx_hal.o
 .debug_macro   0x000086b9      0x132 ./system/src/stm32f4-hal/stm32f4xx_hal.o
 .debug_macro   0x000087eb      0x25d ./system/src/stm32f4-hal/stm32f4xx_hal.o
 .debug_macro   0x00008a48      0x1e6 ./system/src/stm32f4-hal/stm32f4xx_hal.o
 .debug_macro   0x00008c2e       0x22 ./system/src/stm32f4-hal/stm32f4xx_hal.o
 .debug_macro   0x00008c50      0x1ae ./system/src/stm32f4-hal/stm32f4xx_hal.o
 .debug_macro   0x00008dfe       0xa4 ./system/src/stm32f4-hal/stm32f4xx_hal.o
 .debug_macro   0x00008ea2      0x16e ./system/src/stm32f4-hal/stm32f4xx_hal.o
 .debug_macro   0x00009010       0x52 ./system/src/stm32f4-hal/stm32f4xx_hal.o
 .debug_macro   0x00009062      0x3d7 ./system/src/stm32f4-hal/stm32f4xx_hal.o
 .debug_macro   0x00009439      0x313 ./system/src/stm32f4-hal/stm32f4xx_hal.o
 .debug_macro   0x0000974c      0x4b7 ./system/src/stm32f4-hal/stm32f4xx_hal.o
 .debug_macro   0x00009c03      0x22b ./system/src/stm32f4-hal/stm32f4xx_hal.o
 .debug_macro   0x00009e2e      0x1d1 ./system/src/stm32f4-hal/stm32f4xx_hal.o
 .debug_macro   0x00009fff      0x84c ./system/src/stm32f4-hal/stm32f4xx_hal.o
 .debug_macro   0x0000a84b       0x4d ./system/src/stm32f4-hal/stm32f4xx_hal.o
 .debug_macro   0x0000a898      0x23a ./system/src/stm32f4-hal/stm32f4xx_hal.o
 .debug_macro   0x0000aad2      0x1d8 ./system/src/stm32f4-hal/stm32f4xx_hal.o
 .debug_macro   0x0000acaa      0x168 ./system/src/stm32f4-hal/stm32f4xx_hal.o
 .debug_macro   0x0000ae12      0x1d8 ./system/src/stm32f4-hal/stm32f4xx_hal.o
 .debug_macro   0x0000afea       0x85 ./system/src/stm32f4-hal/stm32f4xx_hal.o
 .debug_macro   0x0000b06f      0x1df ./system/src/stm32f4-hal/stm32f4xx_hal.o
 .debug_macro   0x0000b24e      0x108 ./system/src/stm32f4-hal/stm32f4xx_hal.o
 .debug_macro   0x0000b356       0x12 ./system/src/stm32f4-hal/stm32f4xx_hal.o
 .debug_macro   0x0000b368       0x74 ./system/src/stm32f4-hal/stm32f4xx_hal.o
 .debug_macro   0x0000b3dc      0x11f ./system/src/stm32f4-hal/stm32f4xx_hal.o
 .debug_macro   0x0000b4fb      0x2d4 ./system/src/stm32f4-hal/stm32f4xx_hal_cortex.o
 .debug_macro   0x0000b7cf      0x313 ./system/src/stm32f4-hal/stm32f4xx_hal_gpio.o
 .debug_macro   0x0000bae2      0x316 ./system/src/stm32f4-hal/stm32f4xx_hal_rcc.o
 .debug_macro   0x0000bdf8      0x11b ./system/src/newlib/_exit.o
 .debug_macro   0x0000bf13       0xa3 ./system/src/newlib/_exit.o
 .debug_macro   0x0000bfb6      0x10e ./system/src/newlib/_exit.o
 .debug_macro   0x0000c0c4       0x86 ./system/src/newlib/_exit.o
 .debug_macro   0x0000c14a       0x43 ./system/src/newlib/_exit.o
 .debug_macro   0x0000c18d       0x10 ./system/src/newlib/_exit.o
 .debug_macro   0x0000c19d       0x35 ./system/src/newlib/_exit.o
 .debug_macro   0x0000c1d2       0xbf ./system/src/newlib/_startup.o
 .debug_macro   0x0000c291      0x169 ./system/src/newlib/_syscalls.o
 .debug_macro   0x0000c3fa       0x1c ./system/src/newlib/_syscalls.o
 .debug_macro   0x0000c416       0x10 ./system/src/newlib/_syscalls.o
 .debug_macro   0x0000c426       0x10 ./system/src/newlib/_syscalls.o
 .debug_macro   0x0000c436       0x10 ./system/src/newlib/_syscalls.o
 .debug_macro   0x0000c446       0x35 ./system/src/newlib/_syscalls.o
 .debug_macro   0x0000c47b      0x120 ./system/src/newlib/_syscalls.o
 .debug_macro   0x0000c59b       0x22 ./system/src/newlib/_syscalls.o
 .debug_macro   0x0000c5bd       0x2b ./system/src/newlib/_syscalls.o
 .debug_macro   0x0000c5e8      0x118 ./system/src/newlib/_syscalls.o
 .debug_macro   0x0000c700      0x13a ./system/src/newlib/_syscalls.o
 .debug_macro   0x0000c83a       0x16 ./system/src/newlib/_syscalls.o
 .debug_macro   0x0000c850      0x137 ./system/src/newlib/assert.o
 .debug_macro   0x0000c987       0x1c ./system/src/newlib/assert.o
 .debug_macro   0x0000c9a3      0x2de ./system/src/cortexm/_initialize_hardware.o
 .debug_macro   0x0000cc81       0x1b ./system/src/cortexm/exception_handlers.o
 .debug_macro   0x0000cc9c      0x2da ./system/src/cmsis/system_stm32f4xx.o
 .debug_macro   0x0000cf76       0x1b ./system/src/cmsis/vectors_stm32f4xx.o
 .debug_macro   0x0000cf91      0x372 ./src/ST7783.o
 .debug_macro   0x0000d303       0x3a ./src/ST7783.o
 .debug_macro   0x0000d33d      0x2d4 ./src/_initialize_hardware.o
 .debug_macro   0x0000d611      0x3bc ./src/main.o
 .debug_macro   0x0000d9cd       0x16 ./src/main.o
 .debug_macro   0x0000d9e3       0x97 ./src/main.o
 .debug_macro   0x0000da7a       0x10 ./src/main.o
 .debug_macro   0x0000da8a       0xf6 ./src/main.o
 .debug_macro   0x0000db80       0x16 ./src/main.o
 .debug_macro   0x0000db96      0x16c ./src/main.o
 .debug_macro   0x0000dd02       0x51 ./src/main.o
